I'm sorry, but errors were detected in your script. Please correct the
errors listed below, and try again.


File "game/screens.rpy", line 215: u'xalign' is not a keyword argument or valid child for the for statement.
    xalign 0.5
          ^

Ren'Py Version: Ren'Py 6.99.14.3.3347
Tue Apr 24 03:23:38 2018
